2026-07-26 14:46:09,879 - WARNING -  * Debugger is active!
2026-07-26 14:46:09,882 - INFO -  * Debugger PIN: 810-477-529
[2026-08-11 21:22:27] [DENIED] ALERT: Role 'developer' attempted unauthorized action 'view_ephi'!
2026-08-28 17:00:56,688 - INFO - [31m[1mWARNING: This is a development server. Do not use it in a production deployment. Use a production WSGI server instead.[0m
 * Running on http://127.0.0.1:5000
2026-08-28 17:00:56,688 - INFO - [33mPress CTRL+C to quit[0m
2026-08-29 20:41:24,816 - INFO - [31m[1mWARNING: This is a development server. Do not use it in a production deployment. Use a production WSGI server instead.[0m
 * Running on all addresses (0.0.0.0)
 * Running on http://127.0.0.1:5001
 * Running on http://192.168.50.84:5001
2026-08-29 20:41:24,816 - INFO - [33mPress CTRL+C to quit[0m
2026-08-29 20:41:24,824 - INFO -  * Restarting with watchdog (fsevents)
2026-08-29 20:41:25,131 - WARNING -  * Debugger is active!
2026-08-29 20:41:25,137 - INFO -  * Debugger PIN: 810-477-529
2026-08-29 20:43:55,566 - INFO -  * Detected change in '/Users/floss/Desktop/grc-automation-engine/app.py', reloading
2026-08-29 20:43:55,628 - INFO -  * Restarting with watchdog (fsevents)
2026-08-29 20:43:56,036 - WARNING -  * Debugger is active!
2026-08-29 20:43:56,040 - INFO -  * Debugger PIN: 810-477-529
2026-08-29 20:44:20,687 - INFO -  * Detected change in '/Users/floss/Desktop/grc-automation-engine/app.py', reloading
2026-08-29 20:44:20,757 - INFO -  * Restarting with watchdog (fsevents)
2026-08-29 20:44:21,075 - WARNING -  * Debugger is active!
2026-08-29 20:44:21,079 - INFO -  * Debugger PIN: 810-477-529
2026-08-29 20:44:49,140 - INFO - [31m[1mWARNING: This is a development server. Do not use it in a production deployment. Use a production WSGI server instead.[0m
 * Running on all addresses (0.0.0.0)
 * Running on http://127.0.0.1:5002
 * Running on http://192.168.50.84:5002
2026-08-29 20:44:49,140 - INFO - [33mPress CTRL+C to quit[0m
2026-08-29 20:44:49,143 - INFO -  * Restarting with watchdog (fsevents)
2026-08-29 20:44:49,444 - WARNING -  * Debugger is active!
2026-08-29 20:44:49,449 - INFO -  * Debugger PIN: 810-477-529
2026-08-29 20:45:51,920 - INFO - HTTP Request: GET https://chroma-onnx-models.s3.amazonaws.com/all-MiniLM-L6-v2/onnx.tar.gz "HTTP/1.1 200 OK"
2026-08-29 20:45:54,168 - INFO - AUDIT PASS: Password meets standards. Ref: 
2026-08-29 20:45:54,168 - INFO - 127.0.0.1 - - [29/Aug/2026 20:45:54] "POST /audit/password HTTP/1.1" 200 -
2026-08-29 20:47:28,200 - INFO -  * Detected change in '/Users/floss/Desktop/grc-automation-engine/seed_db.py', reloading
2026-08-29 20:47:28,200 - INFO -  * Detected change in '/Users/floss/Desktop/grc-automation-engine/seed_db.py', reloading
2026-08-29 20:47:28,261 - INFO -  * Restarting with watchdog (fsevents)
2026-08-29 20:47:28,267 - INFO -  * Restarting with watchdog (fsevents)
2026-08-29 20:47:28,743 - WARNING -  * Debugger is active!
2026-08-29 20:47:28,746 - WARNING -  * Debugger is active!
2026-08-29 20:47:28,749 - INFO -  * Debugger PIN: 810-477-529
2026-08-29 20:47:28,752 - INFO -  * Debugger PIN: 810-477-529
2026-08-29 20:47:36,292 - INFO -  * Detected change in '/Users/floss/Desktop/grc-automation-engine/seed_db.py', reloading
2026-08-29 20:47:36,292 - INFO -  * Detected change in '/Users/floss/Desktop/grc-automation-engine/seed_db.py', reloading
2026-08-29 20:47:36,358 - INFO -  * Restarting with watchdog (fsevents)
2026-08-29 20:47:36,358 - INFO -  * Restarting with watchdog (fsevents)
2026-08-29 20:47:36,735 - WARNING -  * Debugger is active!
2026-08-29 20:47:36,739 - WARNING -  * Debugger is active!
2026-08-29 20:47:36,739 - INFO -  * Debugger PIN: 810-477-529
2026-08-29 20:47:36,744 - INFO -  * Debugger PIN: 810-477-529
2026-08-29 20:48:08,315 - INFO - AUDIT PASS: Password meets standards. Ref: 
--- [NIST SP 800-53 Control: IA-5(1)] ---
Password complexity baseline standards: Passwords must be at least 12 characters long, contain a mix of uppercase and lowercase letters, numbers, and special characters, and avoid common dictionary words.

--- [NIST SP 800-53 Control: IA-2(1)] ---
Multi-factor authentication (MFA) requirements: MFA must be enforced for all administrative and remote user access points to cloud infrastructure and sensitive databases.

2026-08-29 20:48:08,316 - INFO - 127.0.0.1 - - [29/Aug/2026 20:48:08] "POST /audit/password HTTP/1.1" 200 -
2026-08-29 20:49:38,690 - INFO -  * Detected change in '/Users/floss/Desktop/grc-automation-engine/seed_db.py', reloading
2026-08-29 20:49:38,690 - INFO -  * Detected change in '/Users/floss/Desktop/grc-automation-engine/seed_db.py', reloading
2026-08-29 20:49:38,756 - INFO -  * Restarting with watchdog (fsevents)
2026-08-29 20:49:38,760 - INFO -  * Restarting with watchdog (fsevents)
2026-08-29 20:49:39,214 - WARNING -  * Debugger is active!
2026-08-29 20:49:39,217 - WARNING -  * Debugger is active!
2026-08-29 20:49:39,218 - INFO -  * Debugger PIN: 810-477-529
2026-08-29 20:49:39,221 - INFO -  * Debugger PIN: 810-477-529
2026-08-29 20:53:56,163 - INFO - [31m[1mWARNING: This is a development server. Do not use it in a production deployment. Use a production WSGI server instead.[0m
 * Running on all addresses (0.0.0.0)
 * Running on http://127.0.0.1:5002
 * Running on http://192.168.50.84:5002
2026-08-29 20:53:56,163 - INFO - [33mPress CTRL+C to quit[0m
2026-08-29 20:53:56,167 - INFO -  * Restarting with watchdog (fsevents)
2026-08-29 20:53:56,470 - WARNING -  * Debugger is active!
2026-08-29 20:53:56,476 - INFO -  * Debugger PIN: 810-477-529
2026-08-29 20:59:02,604 - INFO -  * Detected change in '/Users/floss/Desktop/grc-automation-engine/dashboard_app.py', reloading
2026-08-29 20:59:02,665 - INFO -  * Restarting with watchdog (fsevents)
2026-08-29 20:59:03,144 - WARNING -  * Debugger is active!
2026-08-29 20:59:03,150 - INFO -  * Debugger PIN: 810-477-529
2026-08-29 21:04:38,896 - INFO -  * Detected change in '/Users/floss/Desktop/grc-automation-engine/dashboard_app.py', reloading
2026-08-29 21:04:38,944 - INFO -  * Restarting with watchdog (fsevents)
2026-08-29 21:04:39,447 - WARNING -  * Debugger is active!
2026-08-29 21:04:39,452 - INFO -  * Debugger PIN: 810-477-529
2026-08-29 21:08:49,647 - INFO -  * Detected change in '/Users/floss/Desktop/grc-automation-engine/dashboard_app.py', reloading
2026-08-29 21:08:49,699 - INFO -  * Restarting with watchdog (fsevents)
2026-08-29 21:08:50,197 - WARNING -  * Debugger is active!
2026-08-29 21:08:50,202 - INFO -  * Debugger PIN: 810-477-529
2026-08-29 21:11:33,169 - INFO -  * Detected change in '/Users/floss/Desktop/grc-automation-engine/dashboard_app.py', reloading
2026-08-29 21:11:33,218 - INFO -  * Restarting with watchdog (fsevents)
2026-08-29 21:11:33,692 - WARNING -  * Debugger is active!
2026-08-29 21:11:33,697 - INFO -  * Debugger PIN: 810-477-529
2026-08-29 21:13:55,909 - INFO -  * Detected change in '/Users/floss/Desktop/grc-automation-engine/dashboard_app.py', reloading
2026-08-29 21:13:55,961 - INFO -  * Restarting with watchdog (fsevents)
2026-08-29 21:13:56,433 - WARNING -  * Debugger is active!
2026-08-29 21:13:56,437 - INFO -  * Debugger PIN: 810-477-529
2026-08-29 21:23:10,976 - INFO -  * Detected change in '/Users/floss/Desktop/grc-automation-engine/dashboard_app.py', reloading
2026-08-29 21:23:11,029 - INFO -  * Restarting with watchdog (fsevents)
2026-08-29 21:23:11,538 - WARNING -  * Debugger is active!
2026-08-29 21:23:11,544 - INFO -  * Debugger PIN: 810-477-529
2026-08-29 21:26:03,389 - INFO -  * Detected change in '/Users/floss/Desktop/grc-automation-engine/dashboard_app.py', reloading
2026-08-29 21:26:03,441 - INFO -  * Restarting with watchdog (fsevents)
2026-08-29 21:26:03,929 - WARNING -  * Debugger is active!
2026-08-29 21:26:03,934 - INFO -  * Debugger PIN: 810-477-529
2026-08-29 21:29:01,829 - INFO -  * Detected change in '/Users/floss/Desktop/grc-automation-engine/dashboard_app.py', reloading
2026-08-29 21:29:01,883 - INFO -  * Restarting with watchdog (fsevents)
2026-08-29 21:29:02,360 - WARNING -  * Debugger is active!
2026-08-29 21:29:02,365 - INFO -  * Debugger PIN: 810-477-529
2026-09-02 04:55:12,940 - INFO - [31m[1mWARNING: This is a development server. Do not use it in a production deployment. Use a production WSGI server instead.[0m
 * Running on all addresses (0.0.0.0)
 * Running on http://127.0.0.1:5002
 * Running on http://192.168.50.84:5002
2026-09-02 04:55:12,940 - INFO - [33mPress CTRL+C to quit[0m
2026-09-02 04:56:58,770 - INFO - [31m[1mWARNING: This is a development server. Do not use it in a production deployment. Use a production WSGI server instead.[0m
 * Running on all addresses (0.0.0.0)
 * Running on http://127.0.0.1:5002
 * Running on http://192.168.50.84:5002
2026-09-02 04:56:58,770 - INFO - [33mPress CTRL+C to quit[0m
2026-09-02 04:59:06,778 - INFO - [31m[1mWARNING: This is a development server. Do not use it in a production deployment. Use a production WSGI server instead.[0m
 * Running on all addresses (0.0.0.0)
 * Running on http://127.0.0.1:5002
 * Running on http://192.168.50.84:5002
2026-09-02 04:59:06,778 - INFO - [33mPress CTRL+C to quit[0m
2026-09-02 05:01:15,615 - INFO - [31m[1mWARNING: This is a development server. Do not use it in a production deployment. Use a production WSGI server instead.[0m
 * Running on all addresses (0.0.0.0)
 * Running on http://127.0.0.1:5002
 * Running on http://192.168.50.84:5002
2026-09-02 05:01:15,615 - INFO - [33mPress CTRL+C to quit[0m
2026-09-02 05:01:47,392 - INFO - [31m[1mWARNING: This is a development server. Do not use it in a production deployment. Use a production WSGI server instead.[0m
 * Running on all addresses (0.0.0.0)
 * Running on http://127.0.0.1:5002
 * Running on http://192.168.50.84:5002
2026-09-02 05:01:47,392 - INFO - [33mPress CTRL+C to quit[0m
2026-09-02 05:02:12,602 - INFO - 127.0.0.1 - - [02/Sep/2026 05:02:12] "GET / HTTP/1.1" 200 -
2026-09-02 05:02:12,621 - INFO - 127.0.0.1 - - [02/Sep/2026 05:02:12] "[33mGET /favicon.ico HTTP/1.1[0m" 404 -
2026-09-21 01:32:46,889 - INFO - [31m[1mWARNING: This is a development server. Do not use it in a production deployment. Use a production WSGI server instead.[0m
 * Running on all addresses (0.0.0.0)
 * Running on http://127.0.0.1:5002
 * Running on http://192.168.50.84:5002
2026-09-21 01:32:46,889 - INFO - [33mPress CTRL+C to quit[0m
2026-09-21 01:33:58,947 - ERROR - Exception on /audit/control [POST]
Traceback (most recent call last):
  File "/Users/floss/Desktop/grc-automation-engine/venv/lib/python3.9/site-packages/flask/app.py", line 1511, in wsgi_app
    response = self.full_dispatch_request()
  File "/Users/floss/Desktop/grc-automation-engine/venv/lib/python3.9/site-packages/flask/app.py", line 919, in full_dispatch_request
    rv = self.handle_user_exception(e)
  File "/Users/floss/Desktop/grc-automation-engine/venv/lib/python3.9/site-packages/flask/app.py", line 917, in full_dispatch_request
    rv = self.dispatch_request()
  File "/Users/floss/Desktop/grc-automation-engine/venv/lib/python3.9/site-packages/flask/app.py", line 902, in dispatch_request
    return self.ensure_sync(self.view_functions[rule.endpoint])(**view_args)  # type: ignore[no-any-return]
  File "/Users/floss/Desktop/grc-automation-engine/app.py", line 36, in audit_control
    send_to_tier_queue([payload], is_high_priority=not is_compliant)
  File "/Users/floss/Desktop/grc-automation-engine/sqs_manager.py", line 33, in send_to_tier_queue
    sqs.send_message_batch(QueueUrl=queue_url, Entries=entries)
  File "/Users/floss/Desktop/grc-automation-engine/venv/lib/python3.9/site-packages/botocore/client.py", line 606, in _api_call
    return self._make_api_call(operation_name, kwargs)
  File "/Users/floss/Desktop/grc-automation-engine/venv/lib/python3.9/site-packages/botocore/context.py", line 123, in wrapper
    return func(*args, **kwargs)
  File "/Users/floss/Desktop/grc-automation-engine/venv/lib/python3.9/site-packages/botocore/client.py", line 1076, in _make_api_call
    http, parsed_response = self._make_request(
  File "/Users/floss/Desktop/grc-automation-engine/venv/lib/python3.9/site-packages/botocore/client.py", line 1100, in _make_request
    return self._endpoint.make_request(operation_model, request_dict)
  File "/Users/floss/Desktop/grc-automation-engine/venv/lib/python3.9/site-packages/botocore/endpoint.py", line 119, in make_request
    return self._send_request(request_dict, operation_model)
  File "/Users/floss/Desktop/grc-automation-engine/venv/lib/python3.9/site-packages/botocore/endpoint.py", line 196, in _send_request
    request = self.create_request(request_dict, operation_model)
  File "/Users/floss/Desktop/grc-automation-engine/venv/lib/python3.9/site-packages/botocore/endpoint.py", line 132, in create_request
    self._event_emitter.emit(
  File "/Users/floss/Desktop/grc-automation-engine/venv/lib/python3.9/site-packages/botocore/hooks.py", line 412, in emit
    return self._emitter.emit(aliased_event_name, **kwargs)
  File "/Users/floss/Desktop/grc-automation-engine/venv/lib/python3.9/site-packages/botocore/hooks.py", line 256, in emit
    return self._emit(event_name, kwargs)
  File "/Users/floss/Desktop/grc-automation-engine/venv/lib/python3.9/site-packages/botocore/hooks.py", line 239, in _emit
    response = handler(**kwargs)
  File "/Users/floss/Desktop/grc-automation-engine/venv/lib/python3.9/site-packages/botocore/signers.py", line 108, in handler
    return self.sign(operation_name, request)
  File "/Users/floss/Desktop/grc-automation-engine/venv/lib/python3.9/site-packages/botocore/signers.py", line 200, in sign
    auth.add_auth(request)
  File "/Users/floss/Desktop/grc-automation-engine/venv/lib/python3.9/site-packages/botocore/auth.py", line 429, in add_auth
    raise NoCredentialsError()
botocore.exceptions.NoCredentialsError: Unable to locate credentials
2026-09-21 01:33:58,955 - INFO - 127.0.0.1 - - [21/Sep/2026 01:33:58] "[35m[1mPOST /audit/control HTTP/1.1[0m" 500 -
2026-09-21 01:36:29,647 - ERROR - Exception on /audit/control [POST]
Traceback (most recent call last):
  File "/Users/floss/Desktop/grc-automation-engine/venv/lib/python3.9/site-packages/flask/app.py", line 1511, in wsgi_app
    response = self.full_dispatch_request()
  File "/Users/floss/Desktop/grc-automation-engine/venv/lib/python3.9/site-packages/flask/app.py", line 919, in full_dispatch_request
    rv = self.handle_user_exception(e)
  File "/Users/floss/Desktop/grc-automation-engine/venv/lib/python3.9/site-packages/flask/app.py", line 917, in full_dispatch_request
    rv = self.dispatch_request()
  File "/Users/floss/Desktop/grc-automation-engine/venv/lib/python3.9/site-packages/flask/app.py", line 902, in dispatch_request
    return self.ensure_sync(self.view_functions[rule.endpoint])(**view_args)  # type: ignore[no-any-return]
  File "/Users/floss/Desktop/grc-automation-engine/app.py", line 36, in audit_control
    send_to_tier_queue([payload], is_high_priority=not is_compliant)
  File "/Users/floss/Desktop/grc-automation-engine/sqs_manager.py", line 33, in send_to_tier_queue
    }
  File "/Users/floss/Desktop/grc-automation-engine/venv/lib/python3.9/site-packages/botocore/client.py", line 606, in _api_call
    return self._make_api_call(operation_name, kwargs)
  File "/Users/floss/Desktop/grc-automation-engine/venv/lib/python3.9/site-packages/botocore/context.py", line 123, in wrapper
    return func(*args, **kwargs)
  File "/Users/floss/Desktop/grc-automation-engine/venv/lib/python3.9/site-packages/botocore/client.py", line 1076, in _make_api_call
    http, parsed_response = self._make_request(
  File "/Users/floss/Desktop/grc-automation-engine/venv/lib/python3.9/site-packages/botocore/client.py", line 1100, in _make_request
    return self._endpoint.make_request(operation_model, request_dict)
  File "/Users/floss/Desktop/grc-automation-engine/venv/lib/python3.9/site-packages/botocore/endpoint.py", line 119, in make_request
    return self._send_request(request_dict, operation_model)
  File "/Users/floss/Desktop/grc-automation-engine/venv/lib/python3.9/site-packages/botocore/endpoint.py", line 196, in _send_request
    request = self.create_request(request_dict, operation_model)
  File "/Users/floss/Desktop/grc-automation-engine/venv/lib/python3.9/site-packages/botocore/endpoint.py", line 132, in create_request
    self._event_emitter.emit(
  File "/Users/floss/Desktop/grc-automation-engine/venv/lib/python3.9/site-packages/botocore/hooks.py", line 412, in emit
    return self._emitter.emit(aliased_event_name, **kwargs)
  File "/Users/floss/Desktop/grc-automation-engine/venv/lib/python3.9/site-packages/botocore/hooks.py", line 256, in emit
    return self._emit(event_name, kwargs)
  File "/Users/floss/Desktop/grc-automation-engine/venv/lib/python3.9/site-packages/botocore/hooks.py", line 239, in _emit
    response = handler(**kwargs)
  File "/Users/floss/Desktop/grc-automation-engine/venv/lib/python3.9/site-packages/botocore/signers.py", line 108, in handler
    return self.sign(operation_name, request)
  File "/Users/floss/Desktop/grc-automation-engine/venv/lib/python3.9/site-packages/botocore/signers.py", line 200, in sign
    auth.add_auth(request)
  File "/Users/floss/Desktop/grc-automation-engine/venv/lib/python3.9/site-packages/botocore/auth.py", line 429, in add_auth
    raise NoCredentialsError()
botocore.exceptions.NoCredentialsError: Unable to locate credentials
2026-09-21 01:36:29,648 - INFO - 127.0.0.1 - - [21/Sep/2026 01:36:29] "[35m[1mPOST /audit/control HTTP/1.1[0m" 500 -
2026-09-21 01:37:44,306 - ERROR - Exception on /audit/control [POST]
Traceback (most recent call last):
  File "/Users/floss/Desktop/grc-automation-engine/venv/lib/python3.9/site-packages/flask/app.py", line 1511, in wsgi_app
    response = self.full_dispatch_request()
  File "/Users/floss/Desktop/grc-automation-engine/venv/lib/python3.9/site-packages/flask/app.py", line 919, in full_dispatch_request
    rv = self.handle_user_exception(e)
  File "/Users/floss/Desktop/grc-automation-engine/venv/lib/python3.9/site-packages/flask/app.py", line 917, in full_dispatch_request
    rv = self.dispatch_request()
  File "/Users/floss/Desktop/grc-automation-engine/venv/lib/python3.9/site-packages/flask/app.py", line 902, in dispatch_request
    return self.ensure_sync(self.view_functions[rule.endpoint])(**view_args)  # type: ignore[no-any-return]
  File "/Users/floss/Desktop/grc-automation-engine/app.py", line 36, in audit_control
    send_to_tier_queue([payload], is_high_priority=not is_compliant)
  File "/Users/floss/Desktop/grc-automation-engine/sqs_manager.py", line 33, in send_to_tier_queue
    }
  File "/Users/floss/Desktop/grc-automation-engine/venv/lib/python3.9/site-packages/botocore/client.py", line 606, in _api_call
    return self._make_api_call(operation_name, kwargs)
  File "/Users/floss/Desktop/grc-automation-engine/venv/lib/python3.9/site-packages/botocore/context.py", line 123, in wrapper
    return func(*args, **kwargs)
  File "/Users/floss/Desktop/grc-automation-engine/venv/lib/python3.9/site-packages/botocore/client.py", line 1076, in _make_api_call
    http, parsed_response = self._make_request(
  File "/Users/floss/Desktop/grc-automation-engine/venv/lib/python3.9/site-packages/botocore/client.py", line 1100, in _make_request
    return self._endpoint.make_request(operation_model, request_dict)
  File "/Users/floss/Desktop/grc-automation-engine/venv/lib/python3.9/site-packages/botocore/endpoint.py", line 119, in make_request
    return self._send_request(request_dict, operation_model)
  File "/Users/floss/Desktop/grc-automation-engine/venv/lib/python3.9/site-packages/botocore/endpoint.py", line 196, in _send_request
    request = self.create_request(request_dict, operation_model)
  File "/Users/floss/Desktop/grc-automation-engine/venv/lib/python3.9/site-packages/botocore/endpoint.py", line 132, in create_request
    self._event_emitter.emit(
  File "/Users/floss/Desktop/grc-automation-engine/venv/lib/python3.9/site-packages/botocore/hooks.py", line 412, in emit
    return self._emitter.emit(aliased_event_name, **kwargs)
  File "/Users/floss/Desktop/grc-automation-engine/venv/lib/python3.9/site-packages/botocore/hooks.py", line 256, in emit
    return self._emit(event_name, kwargs)
  File "/Users/floss/Desktop/grc-automation-engine/venv/lib/python3.9/site-packages/botocore/hooks.py", line 239, in _emit
    response = handler(**kwargs)
  File "/Users/floss/Desktop/grc-automation-engine/venv/lib/python3.9/site-packages/botocore/signers.py", line 108, in handler
    return self.sign(operation_name, request)
  File "/Users/floss/Desktop/grc-automation-engine/venv/lib/python3.9/site-packages/botocore/signers.py", line 200, in sign
    auth.add_auth(request)
  File "/Users/floss/Desktop/grc-automation-engine/venv/lib/python3.9/site-packages/botocore/auth.py", line 429, in add_auth
    raise NoCredentialsError()
botocore.exceptions.NoCredentialsError: Unable to locate credentials
2026-09-21 01:37:44,307 - INFO - 127.0.0.1 - - [21/Sep/2026 01:37:44] "[35m[1mPOST /audit/control HTTP/1.1[0m" 500 -
2026-09-21 01:38:37,719 - INFO - [31m[1mWARNING: This is a development server. Do not use it in a production deployment. Use a production WSGI server instead.[0m
 * Running on all addresses (0.0.0.0)
 * Running on http://127.0.0.1:5002
 * Running on http://192.168.50.84:5002
2026-09-21 01:38:37,719 - INFO - [33mPress CTRL+C to quit[0m
2026-09-21 01:39:17,109 - WARNING - SQS Queue URL not configured or using placeholder. Skipping SQS dispatch.
2026-09-21 01:39:17,665 - WARNING - AUDIT FAIL: Violation detected for control AC-3 on s3-patient-data-bucket-01. Ref: 
2026-09-21 01:39:17,665 - INFO - 127.0.0.1 - - [21/Sep/2026 01:39:17] "POST /audit/control HTTP/1.1" 200 -
2026-09-21 01:40:39,311 - WARNING - SQS Queue URL not configured or using placeholder. Skipping SQS dispatch.
2026-09-21 01:40:39,370 - INFO - AUDIT PASS: Control AC-3 verified for s3-patient-data-bucket-01. Ref: 
2026-09-21 01:40:39,370 - INFO - 127.0.0.1 - - [21/Sep/2026 01:40:39] "POST /audit/control HTTP/1.1" 200 -
2026-09-21 01:41:11,089 - WARNING - AUDIT FAIL: Password policy violation detected. Ref: 
2026-09-21 01:41:11,089 - INFO - 127.0.0.1 - - [21/Sep/2026 01:41:11] "POST /audit/password HTTP/1.1" 200 -
2026-09-21 01:41:41,774 - INFO - AUDIT PASS: Password meets standards. Ref: 
2026-09-21 01:41:41,774 - INFO - 127.0.0.1 - - [21/Sep/2026 01:41:41] "POST /audit/password HTTP/1.1" 200 -
